[dotenv@17.2.3] injecting env (8) from .env -- tip: ­ƒøá´©Å  run anywhere with `dotenvx run -- yourcommand`
node : E:\programa├º├úo\SYS RH SEPL
AN\node_modules\mongoose\lib\driver
s\node-mongodb-native\connection.js
:230
No linha:1 caractere:1
+ node test_ferias_500_d.js > 
test_output.txt 2>&1 ; cat 
test_output.tx ...
+ ~~~~~~~~~~~~~~~~~~~~~~~~~~~~~~~~~
~~~~~~~~~~~~~~~
    + CategoryInfo          : NotS 
   pecified: (E:\programa├º├ú...n  
  nection.js:230:String) [], Rem   
 oteException
    + FullyQualifiedErrorId : Nati 
   veCommandError
 
    throw new MongooseError('The 
`uri` parameter to `openUri()` 
must be a ' +
          ^

MongooseError: The `uri` parameter 
to `openUri()` must be a string, 
got "undefined". Make sure the 
first parameter to 
`mongoose.connect()` or 
`mongoose.createConnection()` is a 
string.
    at 
NativeConnection.createClient 
(E:\programa├º├úo\SYS RH SEPLAN\nod
e_modules\mongoose\lib\drivers\node
-mongodb-native\connection.js:230:1
1)
    at NativeConnection.openUri 
(E:\programa├º├úo\SYS RH SEPLAN\nod
e_modules\mongoose\lib\connection.j
s:1075:34)
    at Mongoose.connect 
(E:\programa├º├úo\SYS RH SEPLAN\nod
e_modules\mongoose\lib\mongoose.js:
451:15)
    at test (E:\programa├º├úo\SYS 
RH 
SEPLAN\test_ferias_500_d.js:8:20)
    at Object.<anonymous> 
(E:\programa├º├úo\SYS RH 
SEPLAN\test_ferias_500_d.js:75:1)
    at Module._compile (node:intern
al/modules/cjs/loader:1554:14)
    at Object..js (node:internal/mo
dules/cjs/loader:1706:10)
    at Module.load (node:internal/m
odules/cjs/loader:1289:32)
    at Function._load (node:interna
l/modules/cjs/loader:1108:12)
    at TracingChannel.traceSync 
(node:diagnostics_channel:322:14)

Node.js v22.14.0
